
> accessibility-auditor@1.0.0 install-browsers
> bash ./scripts/run-workspace.sh packages/reach install-browsers


> reach-a11y@1.0.2 install-browsers
> playwright install


Playwright Host validation warning: 
╔══════════════════════════════════════════════════════╗
║ Host system is missing dependencies to run browsers. ║
║ Please install them with the following command:      ║
║                                                      ║
║     sudo npx playwright install-deps                 ║
║                                                      ║
║ Alternatively, use apt:                              ║
║     sudo apt-get install libxslt1.1\                 ║
║         libwoff1\                                    ║
║         libevent-2.1-7t64\                           ║
║         libgstreamer-plugins-base1.0-0\              ║
║         libgstreamer-gl1.0-0\                        ║
║         libgstreamer-plugins-bad1.0-0\               ║
║         libavif16\                                   ║
║         libharfbuzz-icu0\                            ║
║         libhyphen0\                                  ║
║         libwayland-server0\                          ║
║         libmanette-0.2-0                             ║
║                                                      ║
║ <3 Playwright Team                                   ║
╚══════════════════════════════════════════════════════╝
    at validateDependenciesLinux (/workspace/node_modules/playwright-core/lib/server/registry/dependencies.js:269:9)
    at process.processTicksAndRejections (node:internal/process/task_queues:105:5)
    at async Registry._validateHostRequirements (/workspace/node_modules/playwright-core/lib/server/registry/index.js:961:14)
    at async Registry._validateHostRequirementsForExecutableIfNeeded (/workspace/node_modules/playwright-core/lib/server/registry/index.js:1083:7)
    at async Registry.validateHostRequirementsForExecutablesIfNeeded (/workspace/node_modules/playwright-core/lib/server/registry/index.js:1072:7)
    at async i.<anonymous> (/workspace/node_modules/playwright-core/lib/cli/program.js:217:7)
