
> accessibility-auditor@1.0.0 dev
> bash ./scripts/run-workspace.sh packages/reach dev audit https://example.com --output json


> reach-a11y@1.1.0 dev
> node ./scripts/run-dev.mjs audit https://example.com --output json

{
  "url": "https://example.com",
  "timestamp": "2026-08-21T22:30:19.818Z",
  "summary": {
    "totalViolations": 0,
    "criticalViolations": 0,
    "seriousViolations": 0,
    "moderateViolations": 0,
    "minorViolations": 0,
    "totalPasses": 8,
    "incomplete": 0
  },
  "violations": [],
  "rawAxeResults": {
    "violations": [],
    "passes": [
      {
        "id": "aria-hidden-body",
        "impact": null,
        "description": "Ensure aria-hidden=\"true\" is not present on the document body.",
        "help": "aria-hidden=\"true\" must not be present on the document body",
        "helpUrl": "https://dequeuniversity.com/rules/axe/4.10/aria-hidden-body?application=axeAPI",
        "tags": [
          "cat.aria",
          "wcag2a",
          "wcag131",
          "wcag412",
          "EN-301-549",
          "EN-9.1.3.1",
          "EN-9.4.1.2"
        ],
        "nodes": []
      },
      {
        "id": "bypass",
        "impact": null,
        "description": "Ensure each page has at least one mechanism for a user to bypass navigation and jump straight to the content",
        "help": "Page must have means to bypass repeated blocks",
        "helpUrl": "https://dequeuniversity.com/rules/axe/4.10/bypass?application=axeAPI",
        "tags": [
          "cat.keyboard",
          "wcag2a",
          "wcag241",
          "section508",
          "section508.22.o",
          "TTv5",
          "TT9.a",
          "EN-301-549",
          "EN-9.2.4.1"
        ],
        "nodes": []
      },
      {
        "id": "color-contrast",
        "impact": null,
        "description": "Ensure the contrast between foreground and background colors meets WCAG 2 AA minimum contrast ratio thresholds",
        "help": "Elements must meet minimum color contrast ratio thresholds",
        "helpUrl": "https://dequeuniversity.com/rules/axe/4.10/color-contrast?application=axeAPI",
        "tags": [
          "cat.color",
          "wcag2aa",
          "wcag143",
          "TTv5",
          "TT13.c",
          "EN-301-549",
          "EN-9.1.4.3",
          "ACT"
        ],
        "nodes": []
      },
      {
        "id": "document-title",
        "impact": null,
        "description": "Ensure each HTML document contains a non-empty <title> element",
        "help": "Documents must have <title> element to aid in navigation",
        "helpUrl": "https://dequeuniversity.com/rules/axe/4.10/document-title?application=axeAPI",
        "tags": [
          "cat.text-alternatives",
          "wcag2a",
          "wcag242",
          "TTv5",
          "TT12.a",
          "EN-301-549",
          "EN-9.2.4.2",
          "ACT"
        ],
        "nodes": []
      },
      {
        "id": "html-has-lang",
        "impact": null,
        "description": "Ensure every HTML document has a lang attribute",
        "help": "<html> element must have a lang attribute",
        "helpUrl": "https://dequeuniversity.com/rules/axe/4.10/html-has-lang?application=axeAPI",
        "tags": [
          "cat.language",
          "wcag2a",
          "wcag311",
          "TTv5",
          "TT11.a",
          "EN-301-549",
          "EN-9.3.1.1",
          "ACT"
        ],
        "nodes": []
      },
      {
        "id": "html-lang-valid",
        "impact": null,
        "description": "Ensure the lang attribute of the <html> element has a valid value",
        "help": "<html> element must have a valid value for the lang attribute",
        "helpUrl": "https://dequeuniversity.com/rules/axe/4.10/html-lang-valid?application=axeAPI",
        "tags": [
          "cat.language",
          "wcag2a",
          "wcag311",
          "TTv5",
          "TT11.a",
          "EN-301-549",
          "EN-9.3.1.1",
          "ACT"
        ],
        "nodes": []
      },
      {
        "id": "link-name",
        "impact": null,
        "description": "Ensure links have discernible text",
        "help": "Links must have discernible text",
        "helpUrl": "https://dequeuniversity.com/rules/axe/4.10/link-name?application=axeAPI",
        "tags": [
          "cat.name-role-value",
          "wcag2a",
          "wcag244",
          "wcag412",
          "section508",
          "section508.22.a",
          "TTv5",
          "TT6.a",
          "EN-301-549",
          "EN-9.2.4.4",
          "EN-9.4.1.2",
          "ACT"
        ],
        "nodes": []
      },
      {
        "id": "meta-viewport",
        "impact": null,
        "description": "Ensure <meta name=\"viewport\"> does not disable text scaling and zooming",
        "help": "Zooming and scaling must not be disabled",
        "helpUrl": "https://dequeuniversity.com/rules/axe/4.10/meta-viewport?application=axeAPI",
        "tags": [
          "cat.sensory-and-visual-cues",
          "wcag2aa",
          "wcag144",
          "EN-301-549",
          "EN-9.1.4.4",
          "ACT"
        ],
        "nodes": []
      }
    ],
    "incomplete": []
  },
  "manualChecks": [
    {
      "id": "color-contrast",
      "title": "Color Contrast",
      "category": "common",
      "description": "Measures contrast between text or interactive elements and their backgrounds.",
      "whyItMatters": "Low contrast makes content unreadable for people with low vision or color deficiencies.",
      "whatToLookFor": [
        "Normal text meets at least 4.5:1 contrast; large text meets 3:1.",
        "Interactive states (hover, focus, active) also remain perceivable."
      ],
      "automation": "hybrid",
      "relatedRuleIds": [
        "color-contrast",
        "link-in-text-block"
      ],
      "manualNotes": "Verify gradients, background images, and focus outlines maintain adequate contrast.",
      "status": "needs-review",
      "notes": "Verify gradients, background images, and focus outlines maintain adequate contrast."
    },
    {
      "id": "headings",
      "title": "Headings",
      "category": "common",
      "description": "Validates heading structure and hierarchy so content is navigable by outline.",
      "whyItMatters": "Screen reader and keyboard users skim by heading level to grasp structure quickly.",
      "whatToLookFor": [
        "A single first-level heading establishes the page topic.",
        "Subsequent headings increase one level at a time without skipping."
      ],
      "automation": "hybrid",
      "relatedRuleIds": [
        "heading-order",
        "landmark-one-main",
        "region"
      ],
      "manualNotes": "Check visually that headings convey a logical outline and that important sections aren't plain paragraphs.",
      "status": "needs-review",
      "notes": "Check visually that headings convey a logical outline and that important sections aren't plain paragraphs."
    },
    {
      "id": "image-alt",
      "title": "Image Alternative Text",
      "category": "common",
      "description": "Confirms meaningful images include descriptive alternative text and decorative images are marked appropriately.",
      "whyItMatters": "People who rely on screen readers need alt text to understand the purpose of non-text content.",
      "whatToLookFor": [
        "Meaningful images describe purpose or action, not purely visual detail.",
        "Decorative images use empty alt attributes (alt=\"\")."
      ],
      "automation": "hybrid",
      "relatedRuleIds": [
        "image-alt",
        "area-alt",
        "input-image-alt"
      ],
      "manualNotes": "Review alt text manually to ensure it communicates intent and context.",
      "status": "needs-review",
      "notes": "Review alt text manually to ensure it communicates intent and context."
    },
    {
      "id": "language",
      "title": "Language of Page",
      "category": "common",
      "description": "Requires the root HTML element to define the primary language.",
      "whyItMatters": "Assistive technologies pronounce content correctly only when the language is set.",
      "whatToLookFor": [
        "The <html> element includes a valid BCP 47 language code.",
        "Localized pages update the attribute accordingly."
      ],
      "automation": "automated",
      "relatedRuleIds": [
        "html-has-lang",
        "html-lang-valid"
      ],
      "status": "pass"
    },
    {
      "id": "page-title",
      "title": "Page Title",
      "category": "common",
      "description": "Ensures each page exposes a descriptive, unique <title> element.",
      "whyItMatters": "Page titles are the first announcement for screen reader users and orient everyone to their location.",
      "whatToLookFor": [
        "Titles summarize the page purpose in a concise phrase.",
        "Different sections expose different titles to avoid confusion."
      ],
      "automation": "hybrid",
      "relatedRuleIds": [
        "page-title"
      ],
      "manualNotes": "Verify the copy reflects the page content and is distinguishable from other pages.",
      "status": "needs-review",
      "notes": "Verify the copy reflects the page content and is distinguishable from other pages."
    },
    {
      "id": "skip-link",
      "title": "Skip Link",
      "category": "common",
      "description": "Checks for keyboard-only mechanisms to bypass repeated navigation.",
      "whyItMatters": "Skip links or landmarks let assistive technology users jump to main content efficiently.",
      "whatToLookFor": [
        "The first tabbable element is a functional skip link or landmark.",
        "Focus moves to the main content container when activated."
      ],
      "automation": "hybrid",
      "relatedRuleIds": [
        "bypass"
      ],
      "manualNotes": "Confirm the skip link is visible on focus and targets the correct region.",
      "status": "needs-review",
      "notes": "Confirm the skip link is visible on focus and targets the correct region."
    },
    {
      "id": "visible-focus",
      "title": "Visible Keyboard Focus",
      "category": "common",
      "description": "Evaluates whether focus order and indicators are perceivable as users tab through the page.",
      "whyItMatters": "Keyboard users must always know which element is active to interact confidently.",
      "whatToLookFor": [
        "Each tabbable element exposes a clear focus outline.",
        "Focus isn't trapped within overlays or hidden containers."
      ],
      "automation": "hybrid",
      "relatedRuleIds": [
        "focus-order-semantics",
        "focus-visible",
        "focus-trap"
      ],
      "manualNotes": "Run a manual tab-through to ensure focus indicators are prominent and meet contrast guidelines.",
      "status": "needs-review",
      "notes": "Run a manual tab-through to ensure focus indicators are prominent and meet contrast guidelines."
    },
    {
      "id": "zoom",
      "title": "Zoom",
      "category": "common",
      "description": "Prompts verification that layout and interaction remain usable at 200–400% browser zoom.",
      "whyItMatters": "Many people enlarge content to read; layouts must reflow without breaking functionality.",
      "whatToLookFor": [
        "At 200% zoom the page avoids horizontal scrolling for primary content.",
        "Controls and dialogs remain visible and usable when zoomed."
      ],
      "automation": "manual",
      "manualNotes": "Manually zoom the page and confirm responsive behavior without clipped content.",
      "relatedRuleIds": [],
      "status": "manual",
      "notes": "Manually zoom the page and confirm responsive behavior without clipped content."
    },
    {
      "id": "audio-description",
      "title": "Audio Description",
      "category": "audiovisual",
      "description": "Checks that visual information in video content has an audio-described alternative or secondary track.",
      "whyItMatters": "Blind and low-vision users depend on narration of visual context to follow video stories.",
      "whatToLookFor": [
        "Look for a described-video track or narration covering on-screen text, visuals, and actions.",
        "Ensure instructions and captions reference the availability of audio description."
      ],
      "automation": "manual",
      "manualNotes": "Watch representative videos while toggling described tracks or confirm alternate versions exist.",
      "relatedRuleIds": [],
      "status": "manual",
      "notes": "Watch representative videos while toggling described tracks or confirm alternate versions exist."
    },
    {
      "id": "captions",
      "title": "Captions",
      "category": "audiovisual",
      "description": "Ensures media with audio includes synchronized captions covering speech and relevant sounds.",
      "whyItMatters": "Captions make audio content accessible to Deaf and hard-of-hearing audiences.",
      "whatToLookFor": [
        "Captions include dialogue, speaker identification, and essential sound effects.",
        "Caption controls are easy to locate and enable."
      ],
      "automation": "manual",
      "manualNotes": "Play each media asset and verify captions are present, accurate, and synchronized.",
      "relatedRuleIds": [],
      "status": "manual",
      "notes": "Play each media asset and verify captions are present, accurate, and synchronized."
    },
    {
      "id": "transcripts",
      "title": "Transcripts",
      "category": "audiovisual",
      "description": "Confirms audio and video assets provide full text transcripts separate from the player.",
      "whyItMatters": "Transcripts support Deaf users and anyone who prefers or requires text alternatives.",
      "whatToLookFor": [
        "Transcripts cover spoken words and meaningful non-speech audio cues.",
        "Transcripts are easy to access near the media player."
      ],
      "automation": "manual",
      "manualNotes": "Inspect media detail pages or documentation for downloadable or inline transcripts.",
      "relatedRuleIds": [],
      "status": "manual",
      "notes": "Inspect media detail pages or documentation for downloadable or inline transcripts."
    },
    {
      "id": "labels",
      "title": "Labels",
      "category": "forms",
      "description": "Validates that every form field exposes a programmatic and visible label.",
      "whyItMatters": "Labels tell everyone what information to enter; assistive tech announces them before inputs.",
      "whatToLookFor": [
        "Inputs use <label for>, aria-label, or aria-labelledby with descriptive copy.",
        "Icons or placeholders alone are not used as the only label."
      ],
      "automation": "hybrid",
      "relatedRuleIds": [
        "label",
        "aria-label",
        "aria-labelledby",
        "form-field-multiple-labels"
      ],
      "manualNotes": "Review complex fields (date pickers, custom dropdowns) to ensure labels are read correctly.",
      "status": "needs-review",
      "notes": "Review complex fields (date pickers, custom dropdowns) to ensure labels are read correctly."
    },
    {
      "id": "required-fields",
      "title": "Required Fields",
      "category": "forms",
      "description": "Highlights inputs that must be completed and ensures requirements are communicated.",
      "whyItMatters": "People need advance notice of required information to avoid validation errors.",
      "whatToLookFor": [
        "Required fields are programmatically marked (required attribute or aria-required).",
        "Visual indicators (asterisks, helper text) are explained and consistent."
      ],
      "automation": "hybrid",
      "relatedRuleIds": [
        "aria-required-attr",
        "aria-required-parent",
        "aria-required-children"
      ],
      "manualNotes": "Attempt form submission to confirm errors are announced and instructions stay visible.",
      "status": "needs-review",
      "notes": "Attempt form submission to confirm errors are announced and instructions stay visible."
    }
  ],
  "engine": {
    "name": "puppeteer-core",
    "detail": "/usr/bin/google-chrome-stable"
  }
}

npm warn config ignoring workspace config at /workspace/packages/reach/.npmrc
- Initializing accessibility audit...
✔ Audit completed!
